
 ***************************
 * TCCM winter school 2025 *
 ***************************

      ----------------------
             Number of atoms                1
      ----------------------

      ----------------------
         Number of electrons                2
      ----------------------

          ------------------
          Molecular geometry
          ------------------
                    Atom n.                 1
                        Z =      2.0000000000
           Atom coordinates:     0.0000000000    0.0000000000    0.0000000000

          ------------------
 Nuclear repulsion energy =      0.0000000000
          ------------------

          Gaussian basis set
          ------------------
                    Atom n.                 1
           number of shells                 3
          ------------------
      s-type shell with K =                 4
                                    Exponents     Contraction
                                38.3600000000    0.0238090000
                                 5.7700000000    0.1548910000
                                 1.2400000000    0.4699870000
                                 0.2976000000    0.5130270000
      s-type shell with K =                 1
                                    Exponents     Contraction
                                 0.2976000000    1.0000000000
      p-type shell with K =                 1
                                    Exponents     Contraction
                                 1.2750000000    1.0000000000
          ------------------
            Number of shells                3
          ------------------

          ------------------
   Number of basis functions                5
          ------------------

 Scaling integrals by    1.0000000000000000     
 
 Identity matrix I:
 
                 1              2              3              4              5
      1     1.00000000     0.00000000     0.00000000     0.00000000     0.00000000
      2     0.00000000     1.00000000     0.00000000     0.00000000     0.00000000
      3     0.00000000     0.00000000     1.00000000     0.00000000     0.00000000
      4     0.00000000     0.00000000     0.00000000     1.00000000     0.00000000
      5     0.00000000     0.00000000     0.00000000     0.00000000     1.00000000
 
 
 Orthogonalization matrix X:
 
                 1              2              3              4              5
      1     1.86351021    -1.13589537     0.00000000     0.00000000     0.00000000
      2    -1.13589537     1.86351099     0.00000000     0.00000000     0.00000000
      3     0.00000000     0.00000000     1.00000000     0.00000000     0.00000000
      4     0.00000000     0.00000000     0.00000000     1.00000000     0.00000000
      5     0.00000000     0.00000000     0.00000000     0.00000000     1.00000000
 

 ************************************************
 |      Restricted Hartree-Fock calculation     |
 ************************************************


 ----------------------------------------------------
 |                 RHF calculation                  |
 ----------------------------------------------------
 |   # |        HF energy |       Conv |     HL Gap |
 ----------------------------------------------------
 |   1 |    -2.7418968063 |   0.309072 |   1.955996 |
 |   2 |    -2.8544099035 |   0.025926 |   2.260746 |
 |   3 |    -2.8551561223 |   0.001976 |   2.309762 |
 |   4 |    -2.8551604522 |   0.000150 |   2.311465 |
 |   5 |    -2.8551604771 |   0.000011 |   2.311580 |
 |   6 |    -2.8551604772 |   0.000001 |   2.311589 |
 ----------------------------------------------------

           ---------------------------------------
           Summary              
           ---------------------------------------
           One-electron energy      -3.8820256581
           Kinetic      energy       2.8551790622
           Potential    energy      -6.7372047203
           ---------------------------------------
           Two-electron energy       4.1074607232
           Coulomb      energy       2.0537303616
           Exchange     energy       2.0537303616
           ---------------------------------------
           Electronic   energy      -2.8551604772
           Nuclear   repulsion       0.0000000000
           Hartree-Fock energy      -2.8551604772
           ---------------------------------------
           HF HOMO      energy (eV):   -24.875132
           HF LUMO      energy (eV):    38.026406
           HF HOMO-LUMO gap    (eV):    62.901538
           ---------------------------------------

           ---------------------------------------
           Hartree-Fock orbital coefficients      
           ---------------------------------------
                 1              2              3              4              5
      1    -1.00000069    -1.93982659     0.00000000     0.00000000     0.00000000
      2     0.00000112     2.18241415     0.00000000     0.00000000     0.00000000
      3     0.00000000     0.00000000     1.00000000     0.00000000     0.00000000
      4     0.00000000     0.00000000     0.00000000     1.00000000     0.00000000
      5     0.00000000     0.00000000     0.00000000     0.00000000     1.00000000

           ---------------------------------------
            Hartree-Fock orbital energies         
           ---------------------------------------
                 1
      1    -0.91414426
      2     1.39744466
      3     2.52437707
      4     2.52437707
      5     2.52437707


 **************************************
 |       AO to MO Transformation      |
 **************************************

 AO to MO transformation completed successfully!


 **************************************
 |          CIS calculation           |
 **************************************

 ----------------------------------
 |    Excitation energies (eV):   |
 ----------------------------------
 |     1   |               51.947 |
 |     2   |               77.377 |
 |     3   |               77.377 |
 |     4   |               77.377 |
 ----------------------------------

 **************************************
 |          TDHF calculation          |
 **************************************

 ----------------------------------
 |    Excitation energies (eV):   |
 ----------------------------------
 |     1   |               51.577 |
 |     2   |               77.217 |
 |     3   |               77.217 |
 |     4   |               77.217 |
 ----------------------------------

 **************************************
 |         Timing Information         |
 **************************************

                     Total CPU time for HF =    0.00014 seconds
Total CPU time for AO to MO transformation =    0.00003 seconds
                    Total CPU time for CIS =    0.00001 seconds
                   Total CPU time for TDHF =    0.00001 seconds
 --------------------------------------------------------------------------------
               Total CPU time for the program   0.00020 seconds
